ARM Linker, 5.03 [Build 76] [MDK-ARM Standard]

==============================================================================

Section Cross References

    startup_tm4c123.o(RESET) refers to startup_tm4c123.o(STACK) for __initial_sp
    startup_tm4c123.o(RESET) refers to startup_tm4c123.o(.text) for Reset_Handler
    startup_tm4c123.o(.text) refers to entry.o(.ARM.Collect$$$$00000000) for __main
    main.o(.text) refers to sysctl.o(i.SysCtlPeripheralEnable) for SysCtlPeripheralEnable
    main.o(.text) refers to gpio.o(i.GPIOPinTypeGPIOOutput) for GPIOPinTypeGPIOOutput
    main.o(.text) refers to gpio.o(i.GPIOPinWrite) for GPIOPinWrite
    main.o(.text) refers to sysctl.o(i.SysCtlClockGet) for SysCtlClockGet
    main.o(.text) refers to sysctl.o(.emb_text) for SysCtlDelay
    main.o(.text) refers to sysctl.o(i.SysCtlClockSet) for SysCtlClockSet
    gpio.o(i.GPIOIntRegister) refers to interrupt.o(i.IntRegister) for IntRegister
    gpio.o(i.GPIOIntRegister) refers to interrupt.o(i.IntEnable) for IntEnable
    gpio.o(i.GPIOIntRegister) refers to gpio.o(.constdata) for .constdata
    gpio.o(i.GPIOIntUnregister) refers to interrupt.o(i.IntDisable) for IntDisable
    gpio.o(i.GPIOIntUnregister) refers to interrupt.o(i.IntUnregister) for IntUnregister
    gpio.o(i.GPIOIntUnregister) refers to gpio.o(.constdata) for .constdata
    gpio.o(i.GPIOPinConfigure) refers to gpio.o(.constdata) for .constdata
    gpio.o(i.GPIOPinTypeADC) refers to gpio.o(i.GPIODirModeSet) for GPIODirModeSet
    gpio.o(i.GPIOPinTypeADC) refers to gpio.o(i.GPIOPadConfigSet) for GPIOPadConfigSet
    gpio.o(i.GPIOPinTypeCAN) refers to gpio.o(i.GPIODirModeSet) for GPIODirModeSet
    gpio.o(i.GPIOPinTypeCAN) refers to gpio.o(i.GPIOPadConfigSet) for GPIOPadConfigSet
    gpio.o(i.GPIOPinTypeComparator) refers to gpio.o(i.GPIODirModeSet) for GPIODirModeSet
    gpio.o(i.GPIOPinTypeComparator) refers to gpio.o(i.GPIOPadConfigSet) for GPIOPadConfigSet
    gpio.o(i.GPIOPinTypeComparatorOutput) refers to gpio.o(i.GPIODirModeSet) for GPIODirModeSet
    gpio.o(i.GPIOPinTypeComparatorOutput) refers to gpio.o(i.GPIOPadConfigSet) for GPIOPadConfigSet
    gpio.o(i.GPIOPinTypeDIVSCLK) refers to gpio.o(i.GPIODirModeSet) for GPIODirModeSet
    gpio.o(i.GPIOPinTypeDIVSCLK) refers to gpio.o(i.GPIOPadConfigSet) for GPIOPadConfigSet
    gpio.o(i.GPIOPinTypeEPI) refers to gpio.o(i.GPIODirModeSet) for GPIODirModeSet
    gpio.o(i.GPIOPinTypeEPI) refers to gpio.o(i.GPIOPadConfigSet) for GPIOPadConfigSet
    gpio.o(i.GPIOPinTypeEthernetLED) refers to gpio.o(i.GPIODirModeSet) for GPIODirModeSet
    gpio.o(i.GPIOPinTypeEthernetLED) refers to gpio.o(i.GPIOPadConfigSet) for GPIOPadConfigSet
    gpio.o(i.GPIOPinTypeEthernetMII) refers to gpio.o(i.GPIODirModeSet) for GPIODirModeSet
    gpio.o(i.GPIOPinTypeEthernetMII) refers to gpio.o(i.GPIOPadConfigSet) for GPIOPadConfigSet
    gpio.o(i.GPIOPinTypeGPIOInput) refers to gpio.o(i.GPIODirModeSet) for GPIODirModeSet
    gpio.o(i.GPIOPinTypeGPIOInput) refers to gpio.o(i.GPIOPadConfigSet) for GPIOPadConfigSet
    gpio.o(i.GPIOPinTypeGPIOOutput) refers to gpio.o(i.GPIOPadConfigSet) for GPIOPadConfigSet
    gpio.o(i.GPIOPinTypeGPIOOutput) refers to gpio.o(i.GPIODirModeSet) for GPIODirModeSet
    gpio.o(i.GPIOPinTypeGPIOOutputOD) refers to gpio.o(i.GPIOPadConfigSet) for GPIOPadConfigSet
    gpio.o(i.GPIOPinTypeGPIOOutputOD) refers to gpio.o(i.GPIODirModeSet) for GPIODirModeSet
    gpio.o(i.GPIOPinTypeHibernateRTCCLK) refers to gpio.o(i.GPIODirModeSet) for GPIODirModeSet
    gpio.o(i.GPIOPinTypeHibernateRTCCLK) refers to gpio.o(i.GPIOPadConfigSet) for GPIOPadConfigSet
    gpio.o(i.GPIOPinTypeI2C) refers to gpio.o(i.GPIODirModeSet) for GPIODirModeSet
    gpio.o(i.GPIOPinTypeI2C) refers to gpio.o(i.GPIOPadConfigSet) for GPIOPadConfigSet
    gpio.o(i.GPIOPinTypeI2CSCL) refers to gpio.o(i.GPIODirModeSet) for GPIODirModeSet
    gpio.o(i.GPIOPinTypeI2CSCL) refers to gpio.o(i.GPIOPadConfigSet) for GPIOPadConfigSet
    gpio.o(i.GPIOPinTypeLCD) refers to gpio.o(i.GPIODirModeSet) for GPIODirModeSet
    gpio.o(i.GPIOPinTypeLCD) refers to gpio.o(i.GPIOPadConfigSet) for GPIOPadConfigSet
    gpio.o(i.GPIOPinTypeOneWire) refers to gpio.o(i.GPIODirModeSet) for GPIODirModeSet
    gpio.o(i.GPIOPinTypeOneWire) refers to gpio.o(i.GPIOPadConfigSet) for GPIOPadConfigSet
    gpio.o(i.GPIOPinTypePWM) refers to gpio.o(i.GPIODirModeSet) for GPIODirModeSet
    gpio.o(i.GPIOPinTypePWM) refers to gpio.o(i.GPIOPadConfigSet) for GPIOPadConfigSet
    gpio.o(i.GPIOPinTypeQEI) refers to gpio.o(i.GPIODirModeSet) for GPIODirModeSet
    gpio.o(i.GPIOPinTypeQEI) refers to gpio.o(i.GPIOPadConfigSet) for GPIOPadConfigSet
    gpio.o(i.GPIOPinTypeSSI) refers to gpio.o(i.GPIODirModeSet) for GPIODirModeSet
    gpio.o(i.GPIOPinTypeSSI) refers to gpio.o(i.GPIOPadConfigSet) for GPIOPadConfigSet
    gpio.o(i.GPIOPinTypeTimer) refers to gpio.o(i.GPIODirModeSet) for GPIODirModeSet
    gpio.o(i.GPIOPinTypeTimer) refers to gpio.o(i.GPIOPadConfigSet) for GPIOPadConfigSet
    gpio.o(i.GPIOPinTypeTrace) refers to gpio.o(i.GPIODirModeSet) for GPIODirModeSet
    gpio.o(i.GPIOPinTypeTrace) refers to gpio.o(i.GPIOPadConfigSet) for GPIOPadConfigSet
    gpio.o(i.GPIOPinTypeUART) refers to gpio.o(i.GPIODirModeSet) for GPIODirModeSet
    gpio.o(i.GPIOPinTypeUART) refers to gpio.o(i.GPIOPadConfigSet) for GPIOPadConfigSet
    gpio.o(i.GPIOPinTypeUSBAnalog) refers to gpio.o(i.GPIODirModeSet) for GPIODirModeSet
    gpio.o(i.GPIOPinTypeUSBAnalog) refers to gpio.o(i.GPIOPadConfigSet) for GPIOPadConfigSet
    gpio.o(i.GPIOPinTypeUSBDigital) refers to gpio.o(i.GPIODirModeSet) for GPIODirModeSet
    gpio.o(i.GPIOPinTypeUSBDigital) refers to gpio.o(i.GPIOPadConfigSet) for GPIOPadConfigSet
    gpio.o(i.GPIOPinTypeWakeHigh) refers to gpio.o(i.GPIODirModeSet) for GPIODirModeSet
    gpio.o(i.GPIOPinTypeWakeHigh) refers to gpio.o(i.GPIOPadConfigSet) for GPIOPadConfigSet
    gpio.o(i.GPIOPinTypeWakeLow) refers to gpio.o(i.GPIODirModeSet) for GPIODirModeSet
    gpio.o(i.GPIOPinTypeWakeLow) refers to gpio.o(i.GPIOPadConfigSet) for GPIOPadConfigSet
    sysctl.o(i.SysCtlClockFreqSet) refers to sysctl.o(.constdata) for .constdata
    sysctl.o(i.SysCtlClockGet) refers to sysctl.o(.constdata) for .constdata
    sysctl.o(i.SysCtlClockSet) refers to sysctl.o(.emb_text) for SysCtlDelay
    sysctl.o(i.SysCtlDeepSleep) refers to cpu.o(.emb_text) for CPUwfi
    sysctl.o(i.SysCtlIntRegister) refers to interrupt.o(i.IntRegister) for IntRegister
    sysctl.o(i.SysCtlIntRegister) refers to interrupt.o(i.IntEnable) for IntEnable
    sysctl.o(i.SysCtlIntUnregister) refers to interrupt.o(i.IntDisable) for IntDisable
    sysctl.o(i.SysCtlIntUnregister) refers to interrupt.o(i.IntUnregister) for IntUnregister
    sysctl.o(i.SysCtlSleep) refers to cpu.o(.emb_text) for CPUwfi
    interrupt.o(i.IntDisable) refers to interrupt.o(.constdata) for .constdata
    interrupt.o(i.IntEnable) refers to interrupt.o(.constdata) for .constdata
    interrupt.o(i.IntIsEnabled) refers to interrupt.o(.constdata) for .constdata
    interrupt.o(i.IntMasterDisable) refers to cpu.o(.emb_text) for CPUcpsid
    interrupt.o(i.IntMasterEnable) refers to cpu.o(.emb_text) for CPUcpsie
    interrupt.o(i.IntPendClear) refers to interrupt.o(.constdata) for .constdata
    interrupt.o(i.IntPendSet) refers to interrupt.o(.constdata) for .constdata
    interrupt.o(i.IntPriorityGet) refers to interrupt.o(.constdata) for .constdata
    interrupt.o(i.IntPriorityGroupingGet) refers to interrupt.o(.constdata) for .constdata
    interrupt.o(i.IntPriorityGroupingSet) refers to interrupt.o(.constdata) for .constdata
    interrupt.o(i.IntPriorityMaskGet) refers to cpu.o(.emb_text) for CPUbasepriGet
    interrupt.o(i.IntPriorityMaskSet) refers to cpu.o(.emb_text) for CPUbasepriSet
    interrupt.o(i.IntPrioritySet) refers to interrupt.o(.constdata) for .constdata
    interrupt.o(i.IntRegister) refers to interrupt.o(vtable) for vtable
    interrupt.o(i.IntUnregister) refers to interrupt.o(i._IntDefaultHandler) for _IntDefaultHandler
    interrupt.o(i.IntUnregister) refers to interrupt.o(vtable) for vtable
    entry.o(.ARM.Collect$$$$00000000) refers (Special) to entry10a.o(.ARM.Collect$$$$0000000D) for __rt_final_cpp
    entry.o(.ARM.Collect$$$$00000000) refers (Special) to entry11a.o(.ARM.Collect$$$$0000000F) for __rt_final_exit
    entry.o(.ARM.Collect$$$$00000000) refers (Special) to entry7b.o(.ARM.Collect$$$$00000008) for _main_clock
    entry.o(.ARM.Collect$$$$00000000) refers (Special) to entry8b.o(.ARM.Collect$$$$0000000A) for _main_cpp_init
    entry.o(.ARM.Collect$$$$00000000) refers (Special) to entry9a.o(.ARM.Collect$$$$0000000B) for _main_init
    entry.o(.ARM.Collect$$$$00000000) refers (Special) to entry5.o(.ARM.Collect$$$$00000004) for _main_scatterload
    entry.o(.ARM.Collect$$$$00000000) refers (Special) to entry2.o(.ARM.Collect$$$$00000001) for _main_stk
    entry2.o(.ARM.Collect$$$$00000001) refers to entry2.o(.ARM.Collect$$$$00002712) for __lit__00000000
    entry2.o(.ARM.Collect$$$$00002712) refers to startup_tm4c123.o(STACK) for __initial_sp
    entry2.o(__vectab_stack_and_reset_area) refers to startup_tm4c123.o(STACK) for __initial_sp
    entry2.o(__vectab_stack_and_reset_area) refers to entry.o(.ARM.Collect$$$$00000000) for __main
    entry5.o(.ARM.Collect$$$$00000004) refers to init.o(.text) for __scatterload
    entry9a.o(.ARM.Collect$$$$0000000B) refers to main.o(.text) for main
    entry9b.o(.ARM.Collect$$$$0000000C) refers to main.o(.text) for main
    init.o(.text) refers to entry5.o(.ARM.Collect$$$$00000004) for __main_after_scatterload


==============================================================================

Removing Unused input sections from the image.

    Removing startup_tm4c123.o(HEAP), (0 bytes).
    Removing gpio.o(i.GPIOADCTriggerDisable), (14 bytes).
    Removing gpio.o(i.GPIOADCTriggerEnable), (12 bytes).
    Removing gpio.o(i.GPIODMATriggerDisable), (14 bytes).
    Removing gpio.o(i.GPIODMATriggerEnable), (12 bytes).
    Removing gpio.o(i.GPIODirModeGet), (34 bytes).
    Removing gpio.o(i.GPIOIntClear), (6 bytes).
    Removing gpio.o(i.GPIOIntDisable), (14 bytes).
    Removing gpio.o(i.GPIOIntEnable), (12 bytes).
    Removing gpio.o(i.GPIOIntRegister), (88 bytes).
    Removing gpio.o(i.GPIOIntStatus), (14 bytes).
    Removing gpio.o(i.GPIOIntTypeGet), (68 bytes).
    Removing gpio.o(i.GPIOIntTypeSet), (80 bytes).
    Removing gpio.o(i.GPIOIntUnregister), (88 bytes).
    Removing gpio.o(i.GPIOPadConfigGet), (204 bytes).
    Removing gpio.o(i.GPIOPinConfigure), (68 bytes).
    Removing gpio.o(i.GPIOPinRead), (6 bytes).
    Removing gpio.o(i.GPIOPinTypeADC), (28 bytes).
    Removing gpio.o(i.GPIOPinTypeCAN), (28 bytes).
    Removing gpio.o(i.GPIOPinTypeComparator), (28 bytes).
    Removing gpio.o(i.GPIOPinTypeComparatorOutput), (28 bytes).
    Removing gpio.o(i.GPIOPinTypeDIVSCLK), (28 bytes).
    Removing gpio.o(i.GPIOPinTypeEPI), (28 bytes).
    Removing gpio.o(i.GPIOPinTypeEthernetLED), (28 bytes).
    Removing gpio.o(i.GPIOPinTypeEthernetMII), (28 bytes).
    Removing gpio.o(i.GPIOPinTypeGPIOInput), (28 bytes).
    Removing gpio.o(i.GPIOPinTypeGPIOOutputOD), (28 bytes).
    Removing gpio.o(i.GPIOPinTypeHibernateRTCCLK), (28 bytes).
    Removing gpio.o(i.GPIOPinTypeI2C), (28 bytes).
    Removing gpio.o(i.GPIOPinTypeI2CSCL), (28 bytes).
    Removing gpio.o(i.GPIOPinTypeLCD), (28 bytes).
    Removing gpio.o(i.GPIOPinTypeOneWire), (28 bytes).
    Removing gpio.o(i.GPIOPinTypePWM), (28 bytes).
    Removing gpio.o(i.GPIOPinTypeQEI), (28 bytes).
    Removing gpio.o(i.GPIOPinTypeSSI), (28 bytes).
    Removing gpio.o(i.GPIOPinTypeTimer), (28 bytes).
    Removing gpio.o(i.GPIOPinTypeTrace), (28 bytes).
    Removing gpio.o(i.GPIOPinTypeUART), (28 bytes).
    Removing gpio.o(i.GPIOPinTypeUSBAnalog), (28 bytes).
    Removing gpio.o(i.GPIOPinTypeUSBDigital), (28 bytes).
    Removing gpio.o(i.GPIOPinTypeWakeHigh), (30 bytes).
    Removing gpio.o(i.GPIOPinTypeWakeLow), (30 bytes).
    Removing gpio.o(i.GPIOPinWakeStatus), (6 bytes).
    Removing gpio.o(.constdata), (528 bytes).
    Removing sysctl.o(i.SysCtlAltClkConfig), (12 bytes).
    Removing sysctl.o(i.SysCtlClockFreqSet), (712 bytes).
    Removing sysctl.o(i.SysCtlClockOutConfig), (20 bytes).
    Removing sysctl.o(i.SysCtlDeepSleep), (32 bytes).
    Removing sysctl.o(i.SysCtlDeepSleepClockConfigSet), (112 bytes).
    Removing sysctl.o(i.SysCtlDeepSleepClockSet), (12 bytes).
    Removing sysctl.o(i.SysCtlDeepSleepPowerSet), (12 bytes).
    Removing sysctl.o(i.SysCtlFlashSectorSizeGet), (56 bytes).
    Removing sysctl.o(i.SysCtlFlashSizeGet), (56 bytes).
    Removing sysctl.o(i.SysCtlGPIOAHBDisable), (28 bytes).
    Removing sysctl.o(i.SysCtlGPIOAHBEnable), (24 bytes).
    Removing sysctl.o(i.SysCtlIntClear), (12 bytes).
    Removing sysctl.o(i.SysCtlIntDisable), (16 bytes).
    Removing sysctl.o(i.SysCtlIntEnable), (16 bytes).
    Removing sysctl.o(i.SysCtlIntRegister), (20 bytes).
    Removing sysctl.o(i.SysCtlIntStatus), (16 bytes).
    Removing sysctl.o(i.SysCtlIntUnregister), (18 bytes).
    Removing sysctl.o(i.SysCtlLDODeepSleepGet), (12 bytes).
    Removing sysctl.o(i.SysCtlLDODeepSleepSet), (12 bytes).
    Removing sysctl.o(i.SysCtlLDOSleepGet), (12 bytes).
    Removing sysctl.o(i.SysCtlLDOSleepSet), (12 bytes).
    Removing sysctl.o(i.SysCtlMOSCConfigSet), (12 bytes).
    Removing sysctl.o(i.SysCtlNMIClear), (16 bytes).
    Removing sysctl.o(i.SysCtlNMIStatus), (12 bytes).
    Removing sysctl.o(i.SysCtlPIOSCCalibrate), (76 bytes).
    Removing sysctl.o(i.SysCtlPWMClockGet), (24 bytes).
    Removing sysctl.o(i.SysCtlPWMClockSet), (20 bytes).
    Removing sysctl.o(i.SysCtlPeripheralClockGating), (68 bytes).
    Removing sysctl.o(i.SysCtlPeripheralDeepSleepDisable), (40 bytes).
    Removing sysctl.o(i.SysCtlPeripheralDeepSleepEnable), (40 bytes).
    Removing sysctl.o(i.SysCtlPeripheralDisable), (40 bytes).
    Removing sysctl.o(i.SysCtlPeripheralPowerOff), (40 bytes).
    Removing sysctl.o(i.SysCtlPeripheralPowerOn), (40 bytes).
    Removing sysctl.o(i.SysCtlPeripheralPresent), (44 bytes).
    Removing sysctl.o(i.SysCtlPeripheralReady), (44 bytes).
    Removing sysctl.o(i.SysCtlPeripheralReset), (60 bytes).
    Removing sysctl.o(i.SysCtlPeripheralSleepDisable), (40 bytes).
    Removing sysctl.o(i.SysCtlPeripheralSleepEnable), (40 bytes).
    Removing sysctl.o(i.SysCtlReset), (16 bytes).
    Removing sysctl.o(i.SysCtlResetBehaviorGet), (12 bytes).
    Removing sysctl.o(i.SysCtlResetBehaviorSet), (12 bytes).
    Removing sysctl.o(i.SysCtlResetCauseClear), (16 bytes).
    Removing sysctl.o(i.SysCtlResetCauseGet), (12 bytes).
    Removing sysctl.o(i.SysCtlSRAMSizeGet), (16 bytes).
    Removing sysctl.o(i.SysCtlSleep), (4 bytes).
    Removing sysctl.o(i.SysCtlSleepPowerSet), (12 bytes).
    Removing sysctl.o(i.SysCtlUSBPLLDisable), (16 bytes).
    Removing sysctl.o(i.SysCtlUSBPLLEnable), (16 bytes).
    Removing sysctl.o(i.SysCtlVoltageEventClear), (16 bytes).
    Removing sysctl.o(i.SysCtlVoltageEventConfig), (12 bytes).
    Removing sysctl.o(i.SysCtlVoltageEventStatus), (12 bytes).
    Removing cpu.o(.emb_text), (38 bytes).
    Removing interrupt.o(i.IntDisable), (100 bytes).
    Removing interrupt.o(i.IntEnable), (100 bytes).
    Removing interrupt.o(i.IntIsEnabled), (96 bytes).
    Removing interrupt.o(i.IntMasterDisable), (14 bytes).
    Removing interrupt.o(i.IntMasterEnable), (14 bytes).
    Removing interrupt.o(i.IntPendClear), (68 bytes).
    Removing interrupt.o(i.IntPendSet), (84 bytes).
    Removing interrupt.o(i.IntPriorityGet), (28 bytes).
    Removing interrupt.o(i.IntPriorityGroupingGet), (36 bytes).
    Removing interrupt.o(i.IntPriorityGroupingSet), (28 bytes).
    Removing interrupt.o(i.IntPriorityMaskGet), (4 bytes).
    Removing interrupt.o(i.IntPriorityMaskSet), (4 bytes).
    Removing interrupt.o(i.IntPrioritySet), (40 bytes).
    Removing interrupt.o(i.IntRegister), (52 bytes).
    Removing interrupt.o(i.IntTrigger), (12 bytes).
    Removing interrupt.o(i.IntUnregister), (20 bytes).
    Removing interrupt.o(i._IntDefaultHandler), (2 bytes).
    Removing interrupt.o(.constdata), (268 bytes).
    Removing interrupt.o(vtable), (620 bytes).

115 unused section(s) (total 5650 bytes) removed from the image.

==============================================================================

Image Symbol Table

    Local Symbols

    Symbol Name                              Value     Ov Type        Size  Object(Section)

    RESET                                    0x00000000   Section      620  startup_tm4c123.o(RESET)
    ../clib/microlib/init/entry.s            0x00000000   Number         0  entry.o ABSOLUTE
    ../clib/microlib/init/entry.s            0x00000000   Number         0  entry11b.o ABSOLUTE
    ../clib/microlib/init/entry.s            0x00000000   Number         0  entry11a.o ABSOLUTE
    ../clib/microlib/init/entry.s            0x00000000   Number         0  entry10b.o ABSOLUTE
    ../clib/microlib/init/entry.s            0x00000000   Number         0  entry10a.o ABSOLUTE
    ../clib/microlib/init/entry.s            0x00000000   Number         0  entry9b.o ABSOLUTE
    ../clib/microlib/init/entry.s            0x00000000   Number         0  entry9a.o ABSOLUTE
    ../clib/microlib/init/entry.s            0x00000000   Number         0  entry8b.o ABSOLUTE
    ../clib/microlib/init/entry.s            0x00000000   Number         0  entry8a.o ABSOLUTE
    ../clib/microlib/init/entry.s            0x00000000   Number         0  entry7b.o ABSOLUTE
    ../clib/microlib/init/entry.s            0x00000000   Number         0  entry7a.o ABSOLUTE
    ../clib/microlib/init/entry.s            0x00000000   Number         0  entry5.o ABSOLUTE
    ../clib/microlib/init/entry.s            0x00000000   Number         0  entry2.o ABSOLUTE
    ..\Startup\startup_TM4C123.s             0x00000000   Number         0  startup_tm4c123.o ABSOLUTE
    ..\User\main.c                           0x00000000   Number         0  main.o ABSOLUTE
    cpu.c                                    0x00000000   Number         0  cpu.o ABSOLUTE
    cpu.c                                    0x00000000   Number         0  cpu.o ABSOLUTE
    dc.s                                     0x00000000   Number         0  dc.o ABSOLUTE
    gpio.c                                   0x00000000   Number         0  gpio.o ABSOLUTE
    handlers.s                               0x00000000   Number         0  handlers.o ABSOLUTE
    init.s                                   0x00000000   Number         0  init.o ABSOLUTE
    interrupt.c                              0x00000000   Number         0  interrupt.o ABSOLUTE
    sysctl.c                                 0x00000000   Number         0  sysctl.o ABSOLUTE
    sysctl.c                                 0x00000000   Number         0  sysctl.o ABSOLUTE
    .ARM.Collect$$$$00000000                 0x0000026c   Section        0  entry.o(.ARM.Collect$$$$00000000)
    .ARM.Collect$$$$00000001                 0x0000026c   Section        4  entry2.o(.ARM.Collect$$$$00000001)
    .ARM.Collect$$$$00000004                 0x00000270   Section        4  entry5.o(.ARM.Collect$$$$00000004)
    .ARM.Collect$$$$00000008                 0x00000274   Section        0  entry7b.o(.ARM.Collect$$$$00000008)
    .ARM.Collect$$$$0000000A                 0x00000274   Section        0  entry8b.o(.ARM.Collect$$$$0000000A)
    .ARM.Collect$$$$0000000B                 0x00000274   Section        8  entry9a.o(.ARM.Collect$$$$0000000B)
    .ARM.Collect$$$$0000000D                 0x0000027c   Section        0  entry10a.o(.ARM.Collect$$$$0000000D)
    .ARM.Collect$$$$0000000F                 0x0000027c   Section        0  entry11a.o(.ARM.Collect$$$$0000000F)
    .ARM.Collect$$$$00002712                 0x0000027c   Section        4  entry2.o(.ARM.Collect$$$$00002712)
    __lit__00000000                          0x0000027c   Data           4  entry2.o(.ARM.Collect$$$$00002712)
    .emb_text                                0x00000280   Section        6  sysctl.o(.emb_text)
    $v0                                      0x00000280   Number         0  sysctl.o(.emb_text)
    .text                                    0x00000288   Section      244  startup_tm4c123.o(.text)
    $v0                                      0x00000288   Number         0  startup_tm4c123.o(.text)
    .text                                    0x0000037c   Section        0  main.o(.text)
    .text                                    0x00000428   Section       36  init.o(.text)
    i.GPIODirModeSet                         0x0000044c   Section        0  gpio.o(i.GPIODirModeSet)
    i.GPIOPadConfigSet                       0x00000474   Section        0  gpio.o(i.GPIOPadConfigSet)
    i.GPIOPinTypeGPIOOutput                  0x000005ac   Section        0  gpio.o(i.GPIOPinTypeGPIOOutput)
    i.GPIOPinWrite                           0x000005c8   Section        0  gpio.o(i.GPIOPinWrite)
    i.SysCtlClockGet                         0x000005d0   Section        0  sysctl.o(i.SysCtlClockGet)
    i.SysCtlClockSet                         0x00000724   Section        0  sysctl.o(i.SysCtlClockSet)
    i.SysCtlPeripheralEnable                 0x00000844   Section        0  sysctl.o(i.SysCtlPeripheralEnable)
    i.__scatterload_copy                     0x0000086c   Section       14  handlers.o(i.__scatterload_copy)
    i.__scatterload_null                     0x0000087a   Section        2  handlers.o(i.__scatterload_null)
    i.__scatterload_zeroinit                 0x0000087c   Section       14  handlers.o(i.__scatterload_zeroinit)
    .constdata                               0x0000088c   Section      452  sysctl.o(.constdata)
    g_pui32VCOFrequencies                    0x0000088c   Data           8  sysctl.o(.constdata)
    g_pui32Xtals                             0x00000894   Data         108  sysctl.o(.constdata)
    g_pppui32XTALtoVCO                       0x00000900   Data         288  sysctl.o(.constdata)
    g_sXTALtoMEMTIM                          0x00000a20   Data          48  sysctl.o(.constdata)
    STACK                                    0x20000000   Section      512  startup_tm4c123.o(STACK)

    Global Symbols

    Symbol Name                              Value     Ov Type        Size  Object(Section)

    BuildAttributes$$THM_ISAv4$E$P$D$K$B$S$7EM$VFPi3$EXTD16$VFPS$VFMA$PE$A:L22UL41UL21$X:L11$S22US41US21$IEEE1$IW$USESV6$~STKCKD$USESV7$~SHL$OTIME$EBA8$MICROLIB$REQ8$PRES8$EABIv2 0x00000000   Number         0  anon$$obj.o ABSOLUTE
    __ARM_use_no_argv                        0x00000000   Number         0  main.o ABSOLUTE
    __Vectors                                0x00000000   Data           4  startup_tm4c123.o(RESET)
    __cpp_initialize__aeabi_                  - Undefined Weak Reference
    __cxa_finalize                            - Undefined Weak Reference
    __decompress                              - Undefined Weak Reference
    _clock_init                               - Undefined Weak Reference
    _microlib_exit                            - Undefined Weak Reference
    __Vectors_End                            0x0000026c   Data           0  startup_tm4c123.o(RESET)
    __Vectors_Size                           0x0000026c   Number         0  startup_tm4c123.o ABSOLUTE
    __main                                   0x0000026d   Thumb Code     0  entry.o(.ARM.Collect$$$$00000000)
    _main_stk                                0x0000026d   Thumb Code     0  entry2.o(.ARM.Collect$$$$00000001)
    _main_scatterload                        0x00000271   Thumb Code     0  entry5.o(.ARM.Collect$$$$00000004)
    __main_after_scatterload                 0x00000275   Thumb Code     0  entry5.o(.ARM.Collect$$$$00000004)
    _main_clock                              0x00000275   Thumb Code     0  entry7b.o(.ARM.Collect$$$$00000008)
    _main_cpp_init                           0x00000275   Thumb Code     0  entry8b.o(.ARM.Collect$$$$0000000A)
    _main_init                               0x00000275   Thumb Code     0  entry9a.o(.ARM.Collect$$$$0000000B)
    __rt_final_cpp                           0x0000027d   Thumb Code     0  entry10a.o(.ARM.Collect$$$$0000000D)
    __rt_final_exit                          0x0000027d   Thumb Code     0  entry11a.o(.ARM.Collect$$$$0000000F)
    SysCtlDelay                              0x00000281   Thumb Code     6  sysctl.o(.emb_text)
    Reset_Handler                            0x00000289   Thumb Code     4  startup_tm4c123.o(.text)
    NMI_Handler                              0x0000028d   Thumb Code     2  startup_tm4c123.o(.text)
    HardFault_Handler                        0x0000028f   Thumb Code     2  startup_tm4c123.o(.text)
    MemManage_Handler                        0x00000291   Thumb Code     2  startup_tm4c123.o(.text)
    BusFault_Handler                         0x00000293   Thumb Code     2  startup_tm4c123.o(.text)
    UsageFault_Handler                       0x00000295   Thumb Code     2  startup_tm4c123.o(.text)
    SVC_Handler                              0x00000297   Thumb Code     2  startup_tm4c123.o(.text)
    DebugMon_Handler                         0x00000299   Thumb Code     2  startup_tm4c123.o(.text)
    PendSV_Handler                           0x0000029b   Thumb Code     2  startup_tm4c123.o(.text)
    SysTick_Handler                          0x0000029d   Thumb Code     2  startup_tm4c123.o(.text)
    GPIOA_Handler                            0x0000029f   Thumb Code     2  startup_tm4c123.o(.text)
    GPIOB_Handler                            0x000002a1   Thumb Code     2  startup_tm4c123.o(.text)
    GPIOC_Handler                            0x000002a3   Thumb Code     2  startup_tm4c123.o(.text)
    GPIOD_Handler                            0x000002a5   Thumb Code     2  startup_tm4c123.o(.text)
    GPIOE_Handler                            0x000002a7   Thumb Code     2  startup_tm4c123.o(.text)
    UART0_Handler                            0x000002a9   Thumb Code     2  startup_tm4c123.o(.text)
    UART1_Handler                            0x000002ab   Thumb Code     2  startup_tm4c123.o(.text)
    SSI0_Handler                             0x000002ad   Thumb Code     2  startup_tm4c123.o(.text)
    I2C0_Handler                             0x000002af   Thumb Code     2  startup_tm4c123.o(.text)
    PMW0_FAULT_Handler                       0x000002b1   Thumb Code     2  startup_tm4c123.o(.text)
    PWM0_0_Handler                           0x000002b3   Thumb Code     2  startup_tm4c123.o(.text)
    PWM0_1_Handler                           0x000002b5   Thumb Code     2  startup_tm4c123.o(.text)
    PWM0_2_Handler                           0x000002b7   Thumb Code     2  startup_tm4c123.o(.text)
    QEI0_Handler                             0x000002b9   Thumb Code     2  startup_tm4c123.o(.text)
    ADC0SS0_Handler                          0x000002bb   Thumb Code     2  startup_tm4c123.o(.text)
    ADC0SS1_Handler                          0x000002bd   Thumb Code     2  startup_tm4c123.o(.text)
    ADC0SS2_Handler                          0x000002bf   Thumb Code     2  startup_tm4c123.o(.text)
    ADC0SS3_Handler                          0x000002c1   Thumb Code     2  startup_tm4c123.o(.text)
    WDT0_Handler                             0x000002c3   Thumb Code     2  startup_tm4c123.o(.text)
    TIMER0A_Handler                          0x000002c5   Thumb Code     2  startup_tm4c123.o(.text)
    TIMER0B_Handler                          0x000002c7   Thumb Code     2  startup_tm4c123.o(.text)
    TIMER1A_Handler                          0x000002c9   Thumb Code     2  startup_tm4c123.o(.text)
    TIMER1B_Handler                          0x000002cb   Thumb Code     2  startup_tm4c123.o(.text)
    TIMER2A_Handler                          0x000002cd   Thumb Code     2  startup_tm4c123.o(.text)
    TIMER2B_Handler                          0x000002cf   Thumb Code     2  startup_tm4c123.o(.text)
    COMP0_Handler                            0x000002d1   Thumb Code     2  startup_tm4c123.o(.text)
    COMP1_Handler                            0x000002d3   Thumb Code     2  startup_tm4c123.o(.text)
    COMP2_Handler                            0x000002d5   Thumb Code     2  startup_tm4c123.o(.text)
    SYSCTL_Handler                           0x000002d7   Thumb Code     2  startup_tm4c123.o(.text)
    FLASH_Handler                            0x000002d9   Thumb Code     2  startup_tm4c123.o(.text)
    GPIOF_Handler                            0x000002db   Thumb Code     2  startup_tm4c123.o(.text)
    GPIOG_Handler                            0x000002dd   Thumb Code     2  startup_tm4c123.o(.text)
    GPIOH_Handler                            0x000002df   Thumb Code     2  startup_tm4c123.o(.text)
    UART2_Handler                            0x000002e1   Thumb Code     2  startup_tm4c123.o(.text)
    SSI1_Handler                             0x000002e3   Thumb Code     2  startup_tm4c123.o(.text)
    TIMER3A_Handler                          0x000002e5   Thumb Code     2  startup_tm4c123.o(.text)
    TIMER3B_Handler                          0x000002e7   Thumb Code     2  startup_tm4c123.o(.text)
    I2C1_Handler                             0x000002e9   Thumb Code     2  startup_tm4c123.o(.text)
    QEI1_Handler                             0x000002eb   Thumb Code     2  startup_tm4c123.o(.text)
    CAN0_Handler                             0x000002ed   Thumb Code     2  startup_tm4c123.o(.text)
    CAN1_Handler                             0x000002ef   Thumb Code     2  startup_tm4c123.o(.text)
    CAN2_Handler                             0x000002f1   Thumb Code     2  startup_tm4c123.o(.text)
    HIB_Handler                              0x000002f3   Thumb Code     2  startup_tm4c123.o(.text)
    USB0_Handler                             0x000002f5   Thumb Code     2  startup_tm4c123.o(.text)
    PWM0_3_Handler                           0x000002f7   Thumb Code     2  startup_tm4c123.o(.text)
    UDMA_Handler                             0x000002f9   Thumb Code     2  startup_tm4c123.o(.text)
    UDMAERR_Handler                          0x000002fb   Thumb Code     2  startup_tm4c123.o(.text)
    ADC1SS0_Handler                          0x000002fd   Thumb Code     2  startup_tm4c123.o(.text)
    ADC1SS1_Handler                          0x000002ff   Thumb Code     2  startup_tm4c123.o(.text)
    ADC1SS2_Handler                          0x00000301   Thumb Code     2  startup_tm4c123.o(.text)
    ADC1SS3_Handler                          0x00000303   Thumb Code     2  startup_tm4c123.o(.text)
    GPIOJ_Handler                            0x00000305   Thumb Code     2  startup_tm4c123.o(.text)
    GPIOK_Handler                            0x00000307   Thumb Code     2  startup_tm4c123.o(.text)
    GPIOL_Handler                            0x00000309   Thumb Code     2  startup_tm4c123.o(.text)
    SSI2_Handler                             0x0000030b   Thumb Code     2  startup_tm4c123.o(.text)
    SSI3_Handler                             0x0000030d   Thumb Code     2  startup_tm4c123.o(.text)
    UART3_Handler                            0x0000030f   Thumb Code     2  startup_tm4c123.o(.text)
    UART4_Handler                            0x00000311   Thumb Code     2  startup_tm4c123.o(.text)
    UART5_Handler                            0x00000313   Thumb Code     2  startup_tm4c123.o(.text)
    UART6_Handler                            0x00000315   Thumb Code     2  startup_tm4c123.o(.text)
    UART7_Handler                            0x00000317   Thumb Code     2  startup_tm4c123.o(.text)
    I2C2_Handler                             0x00000319   Thumb Code     2  startup_tm4c123.o(.text)
    I2C3_Handler                             0x0000031b   Thumb Code     2  startup_tm4c123.o(.text)
    TIMER4A_Handler                          0x0000031d   Thumb Code     2  startup_tm4c123.o(.text)
    TIMER4B_Handler                          0x0000031f   Thumb Code     2  startup_tm4c123.o(.text)
    TIMER5A_Handler                          0x00000321   Thumb Code     2  startup_tm4c123.o(.text)
    TIMER5B_Handler                          0x00000323   Thumb Code     2  startup_tm4c123.o(.text)
    WTIMER0A_Handler                         0x00000325   Thumb Code     2  startup_tm4c123.o(.text)
    WTIMER0B_Handler                         0x00000327   Thumb Code     2  startup_tm4c123.o(.text)
    WTIMER1A_Handler                         0x00000329   Thumb Code     2  startup_tm4c123.o(.text)
    WTIMER1B_Handler                         0x0000032b   Thumb Code     2  startup_tm4c123.o(.text)
    WTIMER2A_Handler                         0x0000032d   Thumb Code     2  startup_tm4c123.o(.text)
    WTIMER2B_Handler                         0x0000032f   Thumb Code     2  startup_tm4c123.o(.text)
    WTIMER3A_Handler                         0x00000331   Thumb Code     2  startup_tm4c123.o(.text)
    WTIMER3B_Handler                         0x00000333   Thumb Code     2  startup_tm4c123.o(.text)
    WTIMER4A_Handler                         0x00000335   Thumb Code     2  startup_tm4c123.o(.text)
    WTIMER4B_Handler                         0x00000337   Thumb Code     2  startup_tm4c123.o(.text)
    WTIMER5A_Handler                         0x00000339   Thumb Code     2  startup_tm4c123.o(.text)
    WTIMER5B_Handler                         0x0000033b   Thumb Code     2  startup_tm4c123.o(.text)
    FPU_Handler                              0x0000033d   Thumb Code     2  startup_tm4c123.o(.text)
    I2C4_Handler                             0x0000033f   Thumb Code     2  startup_tm4c123.o(.text)
    I2C5_Handler                             0x00000341   Thumb Code     2  startup_tm4c123.o(.text)
    GPIOM_Handler                            0x00000343   Thumb Code     2  startup_tm4c123.o(.text)
    GPION_Handler                            0x00000345   Thumb Code     2  startup_tm4c123.o(.text)
    QEI2_Handler                             0x00000347   Thumb Code     2  startup_tm4c123.o(.text)
    GPIOP0_Handler                           0x00000349   Thumb Code     2  startup_tm4c123.o(.text)
    GPIOP1_Handler                           0x0000034b   Thumb Code     2  startup_tm4c123.o(.text)
    GPIOP2_Handler                           0x0000034d   Thumb Code     2  startup_tm4c123.o(.text)
    GPIOP3_Handler                           0x0000034f   Thumb Code     2  startup_tm4c123.o(.text)
    GPIOP4_Handler                           0x00000351   Thumb Code     2  startup_tm4c123.o(.text)
    GPIOP5_Handler                           0x00000353   Thumb Code     2  startup_tm4c123.o(.text)
    GPIOP6_Handler                           0x00000355   Thumb Code     2  startup_tm4c123.o(.text)
    GPIOP7_Handler                           0x00000357   Thumb Code     2  startup_tm4c123.o(.text)
    GPIOQ0_Handler                           0x00000359   Thumb Code     2  startup_tm4c123.o(.text)
    GPIOQ1_Handler                           0x0000035b   Thumb Code     2  startup_tm4c123.o(.text)
    GPIOQ2_Handler                           0x0000035d   Thumb Code     2  startup_tm4c123.o(.text)
    GPIOQ3_Handler                           0x0000035f   Thumb Code     2  startup_tm4c123.o(.text)
    GPIOQ4_Handler                           0x00000361   Thumb Code     2  startup_tm4c123.o(.text)
    GPIOQ5_Handler                           0x00000363   Thumb Code     2  startup_tm4c123.o(.text)
    GPIOQ6_Handler                           0x00000365   Thumb Code     2  startup_tm4c123.o(.text)
    GPIOQ7_Handler                           0x00000367   Thumb Code     2  startup_tm4c123.o(.text)
    GPIOR_Handler                            0x00000369   Thumb Code     2  startup_tm4c123.o(.text)
    GPIOS_Handler                            0x0000036b   Thumb Code     2  startup_tm4c123.o(.text)
    PMW1_0_Handler                           0x0000036d   Thumb Code     2  startup_tm4c123.o(.text)
    PWM1_1_Handler                           0x0000036f   Thumb Code     2  startup_tm4c123.o(.text)
    PWM1_2_Handler                           0x00000371   Thumb Code     2  startup_tm4c123.o(.text)
    PWM1_3_Handler                           0x00000373   Thumb Code     2  startup_tm4c123.o(.text)
    PWM1_FAULT_Handler                       0x00000375   Thumb Code     2  startup_tm4c123.o(.text)
    LEDConfig                                0x0000037d   Thumb Code    28  main.o(.text)
    LEDFlash                                 0x00000399   Thumb Code   112  main.o(.text)
    main                                     0x00000409   Thumb Code    18  main.o(.text)
    __scatterload                            0x00000429   Thumb Code    28  init.o(.text)
    __scatterload_rt2                        0x00000429   Thumb Code     0  init.o(.text)
    GPIODirModeSet                           0x0000044d   Thumb Code    40  gpio.o(i.GPIODirModeSet)
    GPIOPadConfigSet                         0x00000475   Thumb Code   312  gpio.o(i.GPIOPadConfigSet)
    GPIOPinTypeGPIOOutput                    0x000005ad   Thumb Code    28  gpio.o(i.GPIOPinTypeGPIOOutput)
    GPIOPinWrite                             0x000005c9   Thumb Code     6  gpio.o(i.GPIOPinWrite)
    SysCtlClockGet                           0x000005d1   Thumb Code   304  sysctl.o(i.SysCtlClockGet)
    SysCtlClockSet                           0x00000725   Thumb Code   270  sysctl.o(i.SysCtlClockSet)
    SysCtlPeripheralEnable                   0x00000845   Thumb Code    36  sysctl.o(i.SysCtlPeripheralEnable)
    __scatterload_copy                       0x0000086d   Thumb Code    14  handlers.o(i.__scatterload_copy)
    __scatterload_null                       0x0000087b   Thumb Code     2  handlers.o(i.__scatterload_null)
    __scatterload_zeroinit                   0x0000087d   Thumb Code    14  handlers.o(i.__scatterload_zeroinit)
    Region$$Table$$Base                      0x00000a50   Number         0  anon$$obj.o(Region$$Table)
    Region$$Table$$Limit                     0x00000a60   Number         0  anon$$obj.o(Region$$Table)
    __initial_sp                             0x20000200   Data           0  startup_tm4c123.o(STACK)



==============================================================================

Memory Map of the image

  Image Entry point : 0x0000026d

  Load Region LR_IROM1 (Base: 0x00000000, Size: 0x00000a60, Max: 0x00040000, ABSOLUTE)

    Execution Region ER_IROM1 (Base: 0x00000000, Size: 0x00000a60, Max: 0x00040000, ABSOLUTE)

    Base Addr    Size         Type   Attr      Idx    E Section Name        Object

    0x00000000   0x0000026c   Data   RO            3    RESET               startup_tm4c123.o
    0x0000026c   0x00000000   Code   RO          823  * .ARM.Collect$$$$00000000  mc_w.l(entry.o)
    0x0000026c   0x00000004   Code   RO          826    .ARM.Collect$$$$00000001  mc_w.l(entry2.o)
    0x00000270   0x00000004   Code   RO          829    .ARM.Collect$$$$00000004  mc_w.l(entry5.o)
    0x00000274   0x00000000   Code   RO          831    .ARM.Collect$$$$00000008  mc_w.l(entry7b.o)
    0x00000274   0x00000000   Code   RO          833    .ARM.Collect$$$$0000000A  mc_w.l(entry8b.o)
    0x00000274   0x00000008   Code   RO          834    .ARM.Collect$$$$0000000B  mc_w.l(entry9a.o)
    0x0000027c   0x00000000   Code   RO          836    .ARM.Collect$$$$0000000D  mc_w.l(entry10a.o)
    0x0000027c   0x00000000   Code   RO          838    .ARM.Collect$$$$0000000F  mc_w.l(entry11a.o)
    0x0000027c   0x00000004   Code   RO          827    .ARM.Collect$$$$00002712  mc_w.l(entry2.o)
    0x00000280   0x00000006   Code   RO          355    .emb_text           driverlib.lib(sysctl.o)
    0x00000286   0x00000002   PAD
    0x00000288   0x000000f4   Code   RO            4    .text               startup_tm4c123.o
    0x0000037c   0x000000ac   Code   RO           10    .text               main.o
    0x00000428   0x00000024   Code   RO          840    .text               mc_w.l(init.o)
    0x0000044c   0x00000028   Code   RO           46    i.GPIODirModeSet    driverlib.lib(gpio.o)
    0x00000474   0x00000138   Code   RO           56    i.GPIOPadConfigSet  driverlib.lib(gpio.o)
    0x000005ac   0x0000001c   Code   RO           68    i.GPIOPinTypeGPIOOutput  driverlib.lib(gpio.o)
    0x000005c8   0x00000006   Code   RO           86    i.GPIOPinWrite      driverlib.lib(gpio.o)
    0x000005ce   0x00000002   PAD
    0x000005d0   0x00000154   Code   RO          358    i.SysCtlClockGet    driverlib.lib(sysctl.o)
    0x00000724   0x00000120   Code   RO          360    i.SysCtlClockSet    driverlib.lib(sysctl.o)
    0x00000844   0x00000028   Code   RO          389    i.SysCtlPeripheralEnable  driverlib.lib(sysctl.o)
    0x0000086c   0x0000000e   Code   RO          844    i.__scatterload_copy  mc_w.l(handlers.o)
    0x0000087a   0x00000002   Code   RO          845    i.__scatterload_null  mc_w.l(handlers.o)
    0x0000087c   0x0000000e   Code   RO          846    i.__scatterload_zeroinit  mc_w.l(handlers.o)
    0x0000088a   0x00000002   PAD
    0x0000088c   0x000001c4   Data   RO          410    .constdata          driverlib.lib(sysctl.o)
    0x00000a50   0x00000010   Data   RO          842    Region$$Table       anon$$obj.o


    Execution Region RW_IRAM1 (Base: 0x20000000, Size: 0x00000200, Max: 0x00008000, ABSOLUTE)

    Base Addr    Size         Type   Attr      Idx    E Section Name        Object

    0x20000000   0x00000200   Zero   RW            1    STACK               startup_tm4c123.o


==============================================================================

Image component sizes


      Code (inc. data)   RO Data    RW Data    ZI Data      Debug   Object Name

       172         14          0          0          0       2170   main.o
       244          6        620          0        512       5408   startup_tm4c123.o

    ----------------------------------------------------------------------
       416         20        636          0        512       7578   Object Totals
         0          0         16          0          0          0   (incl. Generated)
         0          0          0          0          0          0   (incl. Padding)

    ----------------------------------------------------------------------

      Code (inc. data)   RO Data    RW Data    ZI Data      Debug   Library Member Name

       386          0          0          0          0       6307   gpio.o
       674         58        452          0          0       4327   sysctl.o
         0          0          0          0          0          0   entry.o
         0          0          0          0          0          0   entry10a.o
         0          0          0          0          0          0   entry11a.o
         8          4          0          0          0          0   entry2.o
         4          0          0          0          0          0   entry5.o
         0          0          0          0          0          0   entry7b.o
         0          0          0          0          0          0   entry8b.o
         8          4          0          0          0          0   entry9a.o
        30          0          0          0          0          0   handlers.o
        36          8          0          0          0         68   init.o

    ----------------------------------------------------------------------
      1152         74        452          0          0      10702   Library Totals
         6          0          0          0          0          0   (incl. Padding)

    ----------------------------------------------------------------------

      Code (inc. data)   RO Data    RW Data    ZI Data      Debug   Library Name

      1060         58        452          0          0      10634   driverlib.lib
        86         16          0          0          0         68   mc_w.l

    ----------------------------------------------------------------------
      1152         74        452          0          0      10702   Library Totals

    ----------------------------------------------------------------------

==============================================================================


      Code (inc. data)   RO Data    RW Data    ZI Data      Debug   

      1568         94       1088          0        512      17780   Grand Totals
      1568         94       1088          0        512      17780   ELF Image Totals
      1568         94       1088          0          0          0   ROM Totals

==============================================================================

    Total RO  Size (Code + RO Data)                 2656 (   2.59kB)
    Total RW  Size (RW Data + ZI Data)               512 (   0.50kB)
    Total ROM Size (Code + RO Data + RW Data)       2656 (   2.59kB)

==============================================================================

