<html>
<body>
<pre>
<h1>礦ision Build Log</h1>
<h2>Project:</h2>
C:\Users\admin\Documents\程序源码\TM4C\工程模板\project\Project\Project.uvproj
Project File Date:  05/31/2016

<h2>Output:</h2>
Rebuild target 'Project'
assembling startup_TM4C123.s...
compiling main.c...
..\User\main.c(4): error:  #5: cannot open source input file "driverlib/gpio.h": No such file or directory
".\Project.axf" - 1 Errors, 0 Warning(s).
Target not created
Rebuild target 'Project'
assembling startup_TM4C123.s...
compiling main.c...
..\User\main.c(36): warning:  #111-D: statement is unreachable
linking...
.\Project.axf: Error: L6218E: Undefined symbol SystemInit (referred from startup_tm4c123.o).
".\Project.axf" - 1 Errors, 1 Warning(s).
Target not created
Rebuild target 'Project'
assembling startup_TM4C123.s...
compiling main.c...
..\User\main.c(36): warning:  #111-D: statement is unreachable
linking...
Program Size: Code=1552 RO-data=1088 RW-data=0 ZI-data=512  
".\Project.axf" - 0 Errors, 1 Warning(s).
Load "C:\\Users\\admin\\Documents\\程序源码\\TM4C\\工程模板\\project\\Project\\Project.axf" 
Connecting: Mode=JTAG, Speed=1000000Hz
Erase Done.
Programming Done.
Verify OK.
Load "C:\\Users\\admin\\Documents\\程序源码\\TM4C\\工程模板\\project\\Project\\Project.axf" 
Connecting: Mode=JTAG, Speed=1000000Hz
Erase Done.
Programming Done.
Verify OK.
Rebuild target 'Project'
assembling startup_TM4C123.s...
compiling main.c...
..\User\main.c(36): warning:  #111-D: statement is unreachable
linking...
Program Size: Code=1552 RO-data=1088 RW-data=0 ZI-data=512  
".\Project.axf" - 0 Errors, 1 Warning(s).
Load "C:\\Users\\admin\\Documents\\程序源码\\TM4C\\工程模板\\project\\Project\\Project.axf" 
Connecting: Mode=JTAG, Speed=1000000Hz
Erase Done.
Programming Done.
Verify OK.
Rebuild target 'Project'
assembling startup_TM4C123.s...
compiling main.c...
..\User\main.c(36): warning:  #111-D: statement is unreachable
linking...
Program Size: Code=1552 RO-data=1088 RW-data=0 ZI-data=512  
".\Project.axf" - 0 Errors, 1 Warning(s).
Rebuild target 'Project'
assembling startup_TM4C123.s...
compiling main.c...
..\User\main.c(36): warning:  #111-D: statement is unreachable
linking...
Program Size: Code=1552 RO-data=1088 RW-data=0 ZI-data=512  
".\Project.axf" - 0 Errors, 1 Warning(s).
Rebuild target 'Project'
assembling startup_TM4C123.s...
compiling main.c...
..\User\main.c(36): warning:  #111-D: statement is unreachable
compiling cpu.c...
linking...
Program Size: Code=1552 RO-data=1088 RW-data=0 ZI-data=512  
".\Project.axf" - 0 Errors, 1 Warning(s).
Rebuild target 'Project'
assembling startup_TM4C123.s...
compiling main.c...
..\User\main.c(36): warning:  #111-D: statement is unreachable
linking...
Program Size: Code=1552 RO-data=1088 RW-data=0 ZI-data=512  
".\Project.axf" - 0 Errors, 1 Warning(s).
Rebuild target 'Project'
assembling startup_TM4C123.s...
compiling main.c...
..\User\main.c(36): warning:  #111-D: statement is unreachable
linking...
Program Size: Code=1552 RO-data=1088 RW-data=0 ZI-data=512  
".\Project.axf" - 0 Errors, 1 Warning(s).
Rebuild target 'Project'
assembling startup_TM4C123.s...
compiling main.c...
..\User\main.c(36): warning:  #111-D: statement is unreachable
linking...
Program Size: Code=1552 RO-data=1088 RW-data=0 ZI-data=512  
".\Project.axf" - 0 Errors, 1 Warning(s).
Load "C:\\Users\\admin\\Documents\\程序源码\\TM4C\\工程模板\\project\\Project\\Project.axf" 
Connecting: Mode=JTAG, Speed=1000000Hz
Erase Done.
Programming Done.
Verify OK.
Load "C:\\Users\\admin\\Documents\\程序源码\\TM4C\\工程模板\\project\\Project\\Project.axf" 
Connecting: Mode=JTAG, Speed=1000000Hz
Erase Done.
Programming Done.
Verify OK.
Rebuild target 'Project'
assembling startup_TM4C123.s...
compiling main.c...
..\User\main.c(36): warning:  #111-D: statement is unreachable
linking...
Program Size: Code=1552 RO-data=1088 RW-data=0 ZI-data=512  
".\Project.axf" - 0 Errors, 1 Warning(s).
Rebuild target 'Project'
assembling startup_TM4C123.s...
compiling main.c...
..\User\main.c(45): warning:  #111-D: statement is unreachable
linking...
Program Size: Code=1568 RO-data=1088 RW-data=0 ZI-data=512  
".\Project.axf" - 0 Errors, 1 Warning(s).
Load "C:\\Users\\admin\\Documents\\程序源码\\TM4C\\工程模板\\project\\Project\\Project.axf" 
Connecting: Mode=JTAG, Speed=1000000Hz
Erase Done.
Programming Done.
Verify OK.
Rebuild target 'Project'
assembling startup_TM4C123.s...
compiling main.c...
..\User\main.c(45): warning:  #111-D: statement is unreachable
linking...
Program Size: Code=1568 RO-data=1088 RW-data=0 ZI-data=512  
".\Project.axf" - 0 Errors, 1 Warning(s).
Rebuild target 'Project'
assembling startup_TM4C123.s...
compiling main.c...
..\User\main.c(45): warning:  #111-D: statement is unreachable
linking...
Program Size: Code=1568 RO-data=1088 RW-data=0 ZI-data=512  
".\ProjectExecuable.axf" - 0 Errors, 1 Warning(s).
Rebuild target 'Project'
assembling startup_TM4C123.s...
compiling main.c...
..\User\main.c(45): warning:  #111-D: statement is unreachable
linking...
Program Size: Code=1568 RO-data=1088 RW-data=0 ZI-data=512  
".\ProjectExecuable.axf" - 0 Errors, 1 Warning(s).
Rebuild target 'Project'
assembling startup_TM4C123.s...
compiling main.c...
..\User\main.c(45): warning:  #111-D: statement is unreachable
linking...
Program Size: Code=1568 RO-data=1088 RW-data=0 ZI-data=512  
".\ProjectExecuable.axf" - 0 Errors, 1 Warning(s).
Rebuild target 'Project'
assembling startup_TM4C123.s...
compiling main.c...
..\User\main.c(45): warning:  #111-D: statement is unreachable
linking...
Program Size: Code=1568 RO-data=1088 RW-data=0 ZI-data=512  
".\ProjectExecuable.axf" - 0 Errors, 1 Warning(s).
